Watching for file changes with StatReloader
/home/stechclarin/Documents/projet_init/venv/lib/python3.12/site-packages/graphene_django/types.py:104: UserWarning: Excluding the custom field "start_date" on DjangoObjectType "AcademicYearType" has no effect. Either remove the custom field or remove the field from the "exclude" list.
  warnings.warn(
/home/stechclarin/Documents/projet_init/venv/lib/python3.12/site-packages/graphene_django/types.py:104: UserWarning: Excluding the custom field "end_date" on DjangoObjectType "AcademicYearType" has no effect. Either remove the custom field or remove the field from the "exclude" list.
  warnings.warn(
Unauthorized: /graphql/
[02/Jan/2026 14:42:46] "HEAD /graphql/ HTTP/1.1" 401 0
[02/Jan/2026 14:43:01] "POST /graphql/ HTTP/1.1" 200 97897
[02/Jan/2026 14:43:05] "POST /graphql/modules HTTP/1.1" 200 863
[02/Jan/2026 14:43:06] "POST /graphql/GetAllPersonnels HTTP/1.1" 200 118
/home/stechclarin/Documents/projet_init/apps/core/utils/pagination.py:7: UnorderedObjectListWarning: Pagination may yield inconsistent results with an unordered object_list: <class 'apps.profilmanagement.models.role.Role'> QuerySet.
  paginator = Paginator(queryset, page_size)
[02/Jan/2026 14:43:06] "POST /graphql/GetAllRoles HTTP/1.1" 200 1095
[02/Jan/2026 14:43:06] "POST /graphql/GetAllEstablishments HTTP/1.1" 200 642
[02/Jan/2026 14:43:06] "POST /graphql HTTP/1.1" 200 1289
[02/Jan/2026 14:43:06] "POST /graphql/GetAllEstablishments HTTP/1.1" 200 642
[02/Jan/2026 14:43:39] "POST /graphql/modules HTTP/1.1" 200 863
[02/Jan/2026 14:43:40] "POST /graphql/GetAllPersonnels HTTP/1.1" 200 118
[02/Jan/2026 14:43:40] "POST /graphql/GetAllEstablishments HTTP/1.1" 200 642
[02/Jan/2026 14:43:40] "POST /graphql/GetAllRoles HTTP/1.1" 200 1095
[02/Jan/2026 14:43:40] "POST /graphql HTTP/1.1" 200 1289
[02/Jan/2026 14:43:40] "POST /graphql/GetAllEstablishments HTTP/1.1" 200 642
/home/stechclarin/Documents/projet_init/apps/hr/models/__init__.py changed, reloading.
Performing system checks...

System check identified no issues (0 silenced).
January 02, 2026 - 14:42:35
Django version 5.2.7, using settings 'config.settings'
Starting development server at http://127.0.0.1:8000/
Quit the server with CONTROL-C.

WARNING: This is a development server. Do not use it in a production setting. Use a production WSGI or ASGI server instead.
For more information on production servers see: https://docs.djangoproject.com/en/5.2/howto/deployment/
Watching for file changes with StatReloader
Exception in thread django-main-thread:
Traceback (most recent call last):
  File "/usr/lib/python3.12/threading.py", line 1073, in _bootstrap_inner
    self.run()
  File "/usr/lib/python3.12/threading.py", line 1010, in run
    self._target(*self._args, **self._kwargs)
  File "/home/stechclarin/Documents/projet_init/venv/lib/python3.12/site-packages/django/utils/autoreload.py", line 64, in wrapper
    fn(*args, **kwargs)
  File "/home/stechclarin/Documents/projet_init/venv/lib/python3.12/site-packages/django/core/management/commands/runserver.py", line 124, in inner_run
    autoreload.raise_last_exception()
  File "/home/stechclarin/Documents/projet_init/venv/lib/python3.12/site-packages/django/utils/autoreload.py", line 86, in raise_last_exception
    raise _exception[1]
  File "/home/stechclarin/Documents/projet_init/venv/lib/python3.12/site-packages/django/core/management/__init__.py", line 394, in execute
    autoreload.check_errors(django.setup)()
  File "/home/stechclarin/Documents/projet_init/venv/lib/python3.12/site-packages/django/utils/autoreload.py", line 64, in wrapper
    fn(*args, **kwargs)
  File "/home/stechclarin/Documents/projet_init/venv/lib/python3.12/site-packages/django/__init__.py", line 24, in setup
    apps.populate(settings.INSTALLED_APPS)
  File "/home/stechclarin/Documents/projet_init/venv/lib/python3.12/site-packages/django/apps/registry.py", line 116, in populate
    app_config.import_models()
  File "/home/stechclarin/Documents/projet_init/venv/lib/python3.12/site-packages/django/apps/config.py", line 269, in import_models
    self.models_module = import_module(models_module_name)
                         ^^^^^^^^^^^^^^^^^^^^^^^^^^^^^^^^^
  File "/usr/lib/python3.12/importlib/__init__.py", line 90, in import_module
    return _bootstrap._gcd_import(name[level:], package, level)
           ^^^^^^^^^^^^^^^^^^^^^^^^^^^^^^^^^^^^^^^^^^^^^^^^^^^^
  File "<frozen importlib._bootstrap>", line 1387, in _gcd_import
  File "<frozen importlib._bootstrap>", line 1360, in _find_and_load
  File "<frozen importlib._bootstrap>", line 1331, in _find_and_load_unlocked
  File "<frozen importlib._bootstrap>", line 935, in _load_unlocked
  File "<frozen importlib._bootstrap_external>", line 995, in exec_module
  File "<frozen importlib._bootstrap>", line 488, in _call_with_frames_removed
  File "/home/stechclarin/Documents/projet_init/apps/hr/models/__init__.py", line 2, in <module>
    from .personnel import Personnel
  File "/home/stechclarin/Documents/projet_init/apps/hr/models/personnel.py", line 7, in <module>
    from .contracttype import ContractType
ModuleNotFoundError: No module named 'apps.hr.models.contracttype'
/home/stechclarin/Documents/projet_init/apps/hr/models/personnel.py changed, reloading.
Watching for file changes with StatReloader
Error: That port is already in use.
--- Lancement du serveur sur http://127.0.0.1:8000 ---
Watching for file changes with StatReloader
/home/stechclarin/Documents/projet_init/venv/lib/python3.12/site-packages/graphene_django/types.py:104: UserWarning: Excluding the custom field "start_date" on DjangoObjectType "AcademicYearType" has no effect. Either remove the custom field or remove the field from the "exclude" list.
  warnings.warn(
/home/stechclarin/Documents/projet_init/venv/lib/python3.12/site-packages/graphene_django/types.py:104: UserWarning: Excluding the custom field "end_date" on DjangoObjectType "AcademicYearType" has no effect. Either remove the custom field or remove the field from the "exclude" list.
  warnings.warn(
[26/Jan/2026 16:39:33] "POST /graphql/ HTTP/1.1" 200 105624
[26/Jan/2026 16:40:33] "POST /graphql/ HTTP/1.1" 200 105624
[26/Jan/2026 16:41:19] "POST /graphql/ HTTP/1.1" 200 105624
--- Lancement du serveur sur http://127.0.0.1:8000 ---
Watching for file changes with StatReloader
/home/stechclarin/Documents/projet_init/venv/lib/python3.12/site-packages/graphene_django/types.py:104: UserWarning: Excluding the custom field "start_date" on DjangoObjectType "AcademicYearType" has no effect. Either remove the custom field or remove the field from the "exclude" list.
  warnings.warn(
/home/stechclarin/Documents/projet_init/venv/lib/python3.12/site-packages/graphene_django/types.py:104: UserWarning: Excluding the custom field "end_date" on DjangoObjectType "AcademicYearType" has no effect. Either remove the custom field or remove the field from the "exclude" list.
  warnings.warn(
[26/Jan/2026 16:41:38] "POST /graphql/ HTTP/1.1" 200 115422
[26/Jan/2026 16:41:42] "POST /graphql/modules HTTP/1.1" 200 23
[26/Jan/2026 16:41:43] "POST /graphql HTTP/1.1" 200 23
[26/Jan/2026 16:41:43] "POST /graphql/GetAllEstablishments HTTP/1.1" 200 642
[26/Jan/2026 16:42:51] "POST /graphql/ HTTP/1.1" 200 115422
[26/Jan/2026 16:43:30] "POST /graphql/ HTTP/1.1" 200 115422
[26/Jan/2026 16:43:46] "POST /graphql/ HTTP/1.1" 200 115422
[26/Jan/2026 16:43:50] "POST /graphql/modules HTTP/1.1" 200 23
[26/Jan/2026 16:43:50] "POST /graphql HTTP/1.1" 200 23
[26/Jan/2026 16:43:50] "POST /graphql/GetAllEstablishments HTTP/1.1" 200 642
/home/stechclarin/Documents/projet_init/apps/pedagogy/api/serializers/planning_serializer.py changed, reloading.
Performing system checks...

System check identified no issues (0 silenced).
January 26, 2026 - 16:41:37
Django version 5.2.7, using settings 'config.settings'
Starting development server at http://127.0.0.1:8000/
Quit the server with CONTROL-C.

WARNING: This is a development server. Do not use it in a production setting. Use a production WSGI or ASGI server instead.
For more information on production servers see: https://docs.djangoproject.com/en/5.2/howto/deployment/
Watching for file changes with StatReloader
/home/stechclarin/Documents/projet_init/venv/lib/python3.12/site-packages/graphene_django/types.py:104: UserWarning: Excluding the custom field "start_date" on DjangoObjectType "AcademicYearType" has no effect. Either remove the custom field or remove the field from the "exclude" list.
  warnings.warn(
/home/stechclarin/Documents/projet_init/venv/lib/python3.12/site-packages/graphene_django/types.py:104: UserWarning: Excluding the custom field "end_date" on DjangoObjectType "AcademicYearType" has no effect. Either remove the custom field or remove the field from the "exclude" list.
  warnings.warn(
[26/Jan/2026 16:46:32] "POST /graphql/modules HTTP/1.1" 200 23
[26/Jan/2026 16:46:32] "POST /graphql HTTP/1.1" 200 23
[26/Jan/2026 16:46:32] "POST /graphql/GetAllEstablishments HTTP/1.1" 200 642
[26/Jan/2026 16:47:12] "OPTIONS /api/auth/login/ HTTP/1.1" 200 0
[26/Jan/2026 16:47:15] "POST /api/auth/login/ HTTP/1.1" 200 489
[26/Jan/2026 16:47:15] "POST /graphql HTTP/1.1" 200 1711
[26/Jan/2026 16:47:15] "POST /graphql/GetAllEstablishments HTTP/1.1" 200 642
[26/Jan/2026 16:51:38] "POST /graphql/ HTTP/1.1" 200 115422
[26/Jan/2026 16:55:08] "POST /graphql/modules HTTP/1.1" 200 1139
[26/Jan/2026 16:55:08] "POST /graphql HTTP/1.1" 200 1711
[26/Jan/2026 16:55:08] "POST /graphql/GetAllEstablishments HTTP/1.1" 200 642
[26/Jan/2026 17:00:32] "POST /graphql/modules HTTP/1.1" 200 1139
[26/Jan/2026 17:00:32] "POST /graphql HTTP/1.1" 200 1711
[26/Jan/2026 17:00:32] "POST /graphql/GetAllEstablishments HTTP/1.1" 200 642
[26/Jan/2026 17:00:37] "OPTIONS /graphql/GetAllPlannings HTTP/1.1" 200 0
[26/Jan/2026 17:00:37] "OPTIONS /graphql/GetPlanningDependencies HTTP/1.1" 200 0
[26/Jan/2026 17:00:37] "POST /graphql/GetAllPlannings HTTP/1.1" 200 100
[26/Jan/2026 17:00:37] "POST /graphql/GetPlanningDependencies HTTP/1.1" 200 359
[26/Jan/2026 17:00:46] "OPTIONS /graphql/GetAllTeachingAssignments HTTP/1.1" 200 0
[26/Jan/2026 17:00:46] "POST /graphql/GetAllTeachingAssignments HTTP/1.1" 200 136
[26/Jan/2026 17:00:46] "OPTIONS /graphql/GetAllTeachers HTTP/1.1" 200 0
[26/Jan/2026 17:00:46] "POST /graphql/GetAllAcademicYears HTTP/1.1" 200 270
[26/Jan/2026 17:00:46] "POST /graphql/GetAllSubjects HTTP/1.1" 200 395
[26/Jan/2026 17:00:46] "POST /graphql/GetAllClassRooms HTTP/1.1" 200 531
[26/Jan/2026 17:00:46] "POST /graphql/GetAllTeachers HTTP/1.1" 200 114
[26/Jan/2026 17:00:51] "POST /graphql/GetAllPlannings HTTP/1.1" 200 100
[26/Jan/2026 17:02:13] "POST /graphql/GetAllTeachingAssignments HTTP/1.1" 200 136
[26/Jan/2026 17:02:15] "POST /graphql/GetAllPlannings HTTP/1.1" 200 100
[26/Jan/2026 17:02:17] "OPTIONS /graphql/GetAllRoles HTTP/1.1" 200 0
[26/Jan/2026 17:02:17] "OPTIONS /graphql/GetAllUsers HTTP/1.1" 200 0
/home/stechclarin/Documents/projet_init/apps/core/utils/pagination.py:7: UnorderedObjectListWarning: Pagination may yield inconsistent results with an unordered object_list: <class 'apps.profilmanagement.models.role.Role'> QuerySet.
  paginator = Paginator(queryset, page_size)
[26/Jan/2026 17:02:17] "POST /graphql/GetAllRoles HTTP/1.1" 200 1167
[26/Jan/2026 17:02:17] "POST /graphql/GetAllRoles HTTP/1.1" 200 1167
[26/Jan/2026 17:02:17] "POST /graphql/GetAllUsers HTTP/1.1" 200 1782
[26/Jan/2026 17:02:19] "OPTIONS /graphql/GetAllPermissions HTTP/1.1" 200 0
[26/Jan/2026 17:02:19] "POST /graphql/GetAllRoles HTTP/1.1" 200 1167
[26/Jan/2026 17:02:19] "POST /graphql/GetAllPermissions HTTP/1.1" 200 8436
[26/Jan/2026 17:02:30] "POST /graphql/GetAllPlannings HTTP/1.1" 200 100
[26/Jan/2026 17:05:37] "POST /graphql/modules HTTP/1.1" 200 1139
[26/Jan/2026 17:05:37] "POST /graphql/GetAllPlannings HTTP/1.1" 200 100
[26/Jan/2026 17:05:37] "POST /graphql/GetPlanningDependencies HTTP/1.1" 200 359
[26/Jan/2026 17:05:37] "POST /graphql HTTP/1.1" 200 1711
[26/Jan/2026 17:05:37] "POST /graphql/GetAllEstablishments HTTP/1.1" 200 642
[26/Jan/2026 17:06:15] "OPTIONS /graphql/modules HTTP/1.1" 200 0
[26/Jan/2026 17:06:15] "POST /graphql/modules HTTP/1.1" 200 1139
[26/Jan/2026 17:06:16] "POST /graphql/GetAllPlannings HTTP/1.1" 200 100
[26/Jan/2026 17:06:16] "POST /graphql/GetPlanningDependencies HTTP/1.1" 200 359
[26/Jan/2026 17:06:16] "POST /graphql/GetAllEstablishments HTTP/1.1" 200 642
[26/Jan/2026 17:06:16] "POST /graphql HTTP/1.1" 200 1711
[26/Jan/2026 17:25:24] "POST /graphql/modules HTTP/1.1" 200 1139
[26/Jan/2026 17:25:25] "POST /graphql/GetAllPlannings HTTP/1.1" 200 100
[26/Jan/2026 17:25:25] "POST /graphql HTTP/1.1" 200 1711
[26/Jan/2026 17:25:25] "POST /graphql/GetPlanningDependencies HTTP/1.1" 200 359
[26/Jan/2026 17:25:25] "POST /graphql/GetAllEstablishments HTTP/1.1" 200 642
[26/Jan/2026 17:25:31] "POST /graphql/modules HTTP/1.1" 200 1139
[26/Jan/2026 17:25:32] "POST /graphql/GetAllPlannings HTTP/1.1" 200 100
[26/Jan/2026 17:25:32] "POST /graphql/GetPlanningDependencies HTTP/1.1" 200 359
[26/Jan/2026 17:25:32] "POST /graphql HTTP/1.1" 200 1711
[26/Jan/2026 17:25:32] "POST /graphql/GetAllEstablishments HTTP/1.1" 200 642
[26/Jan/2026 17:26:57] "POST /graphql/modules HTTP/1.1" 200 1139
[26/Jan/2026 17:26:59] "POST /graphql/GetAllPlannings HTTP/1.1" 200 100
[26/Jan/2026 17:26:59] "POST /graphql/GetPlanningDependencies HTTP/1.1" 200 359
[26/Jan/2026 17:26:59] "POST /graphql HTTP/1.1" 200 1711
[26/Jan/2026 17:26:59] "POST /graphql/GetAllEstablishments HTTP/1.1" 200 642
[26/Jan/2026 17:27:30] "OPTIONS /api/planning/save/ HTTP/1.1" 200 0
Bad Request: /api/planning/save/
[26/Jan/2026 17:27:31] "POST /api/planning/save/ HTTP/1.1" 400 498
[26/Jan/2026 17:31:02] "POST /graphql/modules HTTP/1.1" 200 1139
[26/Jan/2026 17:31:03] "POST /graphql/GetAllPlannings HTTP/1.1" 200 100
[26/Jan/2026 17:31:03] "POST /graphql HTTP/1.1" 200 1711
[26/Jan/2026 17:31:03] "POST /graphql/GetPlanningDependencies HTTP/1.1" 200 359
[26/Jan/2026 17:31:03] "POST /graphql/GetAllEstablishments HTTP/1.1" 200 642
[26/Jan/2026 17:31:24] "POST /graphql/modules HTTP/1.1" 200 1139
[26/Jan/2026 17:31:25] "POST /graphql/GetAllPlannings HTTP/1.1" 200 100
[26/Jan/2026 17:31:25] "POST /graphql HTTP/1.1" 200 1711
[26/Jan/2026 17:31:25] "POST /graphql/GetPlanningDependencies HTTP/1.1" 200 359
[26/Jan/2026 17:31:25] "POST /graphql/GetAllEstablishments HTTP/1.1" 200 642
[26/Jan/2026 17:31:44] "POST /graphql/modules HTTP/1.1" 200 1139
[26/Jan/2026 17:31:45] "POST /graphql/GetAllPlannings HTTP/1.1" 200 100
[26/Jan/2026 17:31:45] "POST /graphql/GetPlanningDependencies HTTP/1.1" 200 359
[26/Jan/2026 17:31:45] "POST /graphql HTTP/1.1" 200 1711
[26/Jan/2026 17:31:45] "POST /graphql/GetAllEstablishments HTTP/1.1" 200 642
[26/Jan/2026 21:27:47] "OPTIONS /graphql/modules HTTP/1.1" 200 0
[26/Jan/2026 21:27:47] "POST /graphql/modules HTTP/1.1" 200 1139
[26/Jan/2026 21:27:47] "OPTIONS /graphql/GetAllPlannings HTTP/1.1" 200 0
[26/Jan/2026 21:27:47] "OPTIONS /graphql/GetPlanningDependencies HTTP/1.1" 200 0
[26/Jan/2026 21:27:47] "POST /graphql/GetAllPlannings HTTP/1.1" 200 100
[26/Jan/2026 21:27:47] "OPTIONS /graphql HTTP/1.1" 200 0
[26/Jan/2026 21:27:47] "OPTIONS /graphql/GetAllEstablishments HTTP/1.1" 200 0
[26/Jan/2026 21:27:47] "POST /graphql/GetPlanningDependencies HTTP/1.1" 200 359
[26/Jan/2026 21:27:47] "POST /graphql HTTP/1.1" 200 1711
[26/Jan/2026 21:27:47] "POST /graphql/GetAllEstablishments HTTP/1.1" 200 642
[26/Jan/2026 21:27:48] "POST /graphql/modules HTTP/1.1" 200 1139
[26/Jan/2026 21:27:48] "POST /graphql/GetAllPlannings HTTP/1.1" 200 100
[26/Jan/2026 21:27:48] "POST /graphql HTTP/1.1" 200 1711
[26/Jan/2026 21:27:48] "POST /graphql/GetPlanningDependencies HTTP/1.1" 200 359
[26/Jan/2026 21:27:48] "POST /graphql/GetAllEstablishments HTTP/1.1" 200 642
[26/Jan/2026 21:41:01] "POST /graphql/modules HTTP/1.1" 200 1139
[26/Jan/2026 21:41:02] "POST /graphql/GetAllPlannings HTTP/1.1" 200 100
[26/Jan/2026 21:41:02] "POST /graphql HTTP/1.1" 200 1711
[26/Jan/2026 21:41:02] "POST /graphql/GetPlanningDependencies HTTP/1.1" 200 359
[26/Jan/2026 21:41:02] "POST /graphql/GetAllEstablishments HTTP/1.1" 200 642
[26/Jan/2026 21:48:18] "POST /graphql/modules HTTP/1.1" 200 1139
[26/Jan/2026 21:48:19] "POST /graphql/GetAllPlannings HTTP/1.1" 200 100
[26/Jan/2026 21:48:19] "POST /graphql/GetPlanningDependencies HTTP/1.1" 200 359
[26/Jan/2026 21:48:19] "POST /graphql HTTP/1.1" 200 1711
[26/Jan/2026 21:48:19] "POST /graphql/GetAllEstablishments HTTP/1.1" 200 642
[26/Jan/2026 21:49:25] "POST /graphql/modules HTTP/1.1" 200 1139
[26/Jan/2026 21:49:25] "POST /graphql/GetAllPlannings HTTP/1.1" 200 100
[26/Jan/2026 21:49:25] "POST /graphql/GetPlanningDependencies HTTP/1.1" 200 359
[26/Jan/2026 21:49:25] "POST /graphql HTTP/1.1" 200 1711
[26/Jan/2026 21:49:25] "POST /graphql/GetAllEstablishments HTTP/1.1" 200 642
[26/Jan/2026 21:49:29] "POST /graphql/modules HTTP/1.1" 200 1139
[26/Jan/2026 21:49:30] "POST /graphql/GetAllPlannings HTTP/1.1" 200 100
[26/Jan/2026 21:49:30] "POST /graphql/GetPlanningDependencies HTTP/1.1" 200 359
[26/Jan/2026 21:49:30] "POST /graphql HTTP/1.1" 200 1711
[26/Jan/2026 21:49:30] "POST /graphql/GetAllEstablishments HTTP/1.1" 200 642
[26/Jan/2026 21:51:07] "OPTIONS /graphql/GetAllTeachingAssignments HTTP/1.1" 200 0
[26/Jan/2026 21:51:07] "OPTIONS /graphql/GetAllAcademicYears HTTP/1.1" 200 0
[26/Jan/2026 21:51:07] "OPTIONS /graphql/GetAllClassRooms HTTP/1.1" 200 0
[26/Jan/2026 21:51:08] "OPTIONS /graphql/GetAllSubjects HTTP/1.1" 200 0
[26/Jan/2026 21:51:08] "POST /graphql/GetAllTeachingAssignments HTTP/1.1" 200 136
[26/Jan/2026 21:51:08] "OPTIONS /graphql/GetAllTeachers HTTP/1.1" 200 0
[26/Jan/2026 21:51:08] "POST /graphql/GetAllAcademicYears HTTP/1.1" 200 270
[26/Jan/2026 21:51:08] "POST /graphql/GetAllClassRooms HTTP/1.1" 200 531
[26/Jan/2026 21:51:08] "POST /graphql/GetAllSubjects HTTP/1.1" 200 395
[26/Jan/2026 21:51:08] "POST /graphql/GetAllTeachers HTTP/1.1" 200 114
[26/Jan/2026 21:51:09] "POST /graphql/GetAllPlannings HTTP/1.1" 200 100
[26/Jan/2026 21:56:59] "OPTIONS /graphql/GetAllRoles HTTP/1.1" 200 0
[26/Jan/2026 21:56:59] "OPTIONS /graphql/GetAllUsers HTTP/1.1" 200 0
[26/Jan/2026 21:56:59] "POST /graphql/GetAllRoles HTTP/1.1" 200 1167
[26/Jan/2026 21:56:59] "POST /graphql/GetAllRoles HTTP/1.1" 200 1167
[26/Jan/2026 21:56:59] "POST /graphql/GetAllUsers HTTP/1.1" 200 1782
[26/Jan/2026 21:57:08] "OPTIONS /graphql/GetAllPermissions HTTP/1.1" 200 0
[26/Jan/2026 21:57:08] "POST /graphql/GetAllRoles HTTP/1.1" 200 1167
[26/Jan/2026 21:57:08] "POST /graphql/GetAllPermissions HTTP/1.1" 200 8436
[27/Jan/2026 00:26:47] "POST /graphql/GetAllUsers HTTP/1.1" 200 1782
[27/Jan/2026 00:26:50] "POST /graphql/GetAllRoles HTTP/1.1" 200 1167
[27/Jan/2026 00:26:54] "POST /graphql/GetAllUsers HTTP/1.1" 200 1782
[27/Jan/2026 00:27:10] "OPTIONS /api/user/save/ HTTP/1.1" 200 0
[27/Jan/2026 00:27:10] "POST /api/user/save/ HTTP/1.1" 200 281
[27/Jan/2026 00:27:10] "POST /graphql/GetAllUsers HTTP/1.1" 200 1837
[27/Jan/2026 01:19:54] "POST /graphql/GetAllTeachingAssignments HTTP/1.1" 200 136
[27/Jan/2026 01:19:55] "POST /graphql/GetAllPlannings HTTP/1.1" 200 100
[27/Jan/2026 01:22:10] "POST /graphql/modules HTTP/1.1" 200 1139
[27/Jan/2026 01:22:10] "POST /graphql/GetAllPlannings HTTP/1.1" 200 100
[27/Jan/2026 01:22:10] "POST /graphql HTTP/1.1" 200 1711
[27/Jan/2026 01:22:10] "POST /graphql/GetPlanningDependencies HTTP/1.1" 200 359
[27/Jan/2026 01:22:10] "POST /graphql/GetAllEstablishments HTTP/1.1" 200 642
[27/Jan/2026 01:26:17] "POST /graphql/modules HTTP/1.1" 200 1139
[27/Jan/2026 01:26:18] "POST /graphql/GetAllPlannings HTTP/1.1" 200 100
[27/Jan/2026 01:26:18] "POST /graphql/GetPlanningDependencies HTTP/1.1" 200 359
[27/Jan/2026 01:26:18] "POST /graphql HTTP/1.1" 200 1711
[27/Jan/2026 01:26:18] "POST /graphql/GetAllEstablishments HTTP/1.1" 200 642
[27/Jan/2026 05:53:40] "POST /graphql/GetAllTeachingAssignments HTTP/1.1" 200 136
[27/Jan/2026 05:53:41] "POST /graphql/GetAllAcademicYears HTTP/1.1" 200 270
[27/Jan/2026 05:53:41] "POST /graphql/GetAllTeachers HTTP/1.1" 200 114
[27/Jan/2026 05:53:41] "POST /graphql/GetAllClassRooms HTTP/1.1" 200 531
[27/Jan/2026 05:53:41] "POST /graphql/GetAllSubjects HTTP/1.1" 200 395
[27/Jan/2026 05:53:42] "POST /graphql/GetAllPlannings HTTP/1.1" 200 100
[27/Jan/2026 05:55:05] "OPTIONS /graphql/GetAllPersonnels HTTP/1.1" 200 0
[27/Jan/2026 05:55:05] "OPTIONS /graphql/GetAllContractTypes HTTP/1.1" 200 0
[27/Jan/2026 05:55:05] "POST /graphql/GetAllRoles HTTP/1.1" 200 1167
[27/Jan/2026 05:55:05] "POST /graphql/GetAllContractTypes HTTP/1.1" 200 929
[27/Jan/2026 05:55:05] "POST /graphql/GetAllPersonnels HTTP/1.1" 200 823
[27/Jan/2026 05:55:45] "POST /graphql/GetAllContractTypes HTTP/1.1" 200 929
[27/Jan/2026 05:55:49] "POST /graphql/GetAllPersonnels HTTP/1.1" 200 823
[27/Jan/2026 05:56:37] "POST /graphql/GetAllPermissions HTTP/1.1" 200 8436
[27/Jan/2026 05:56:37] "POST /graphql/GetAllRoles HTTP/1.1" 200 1167
[27/Jan/2026 05:56:42] "POST /graphql/GetAllRoles HTTP/1.1" 200 1167
[27/Jan/2026 05:56:42] "POST /graphql/GetAllUsers HTTP/1.1" 200 1837
[27/Jan/2026 05:56:49] "POST /graphql/GetAllRoles HTTP/1.1" 200 1167
[27/Jan/2026 05:57:33] "OPTIONS /graphql/GetAllLevels HTTP/1.1" 200 0
[27/Jan/2026 05:57:33] "POST /graphql/GetAllSubjects HTTP/1.1" 200 395
[27/Jan/2026 05:57:33] "POST /graphql/GetAllLevels HTTP/1.1" 200 355
[27/Jan/2026 05:57:49] "POST /graphql/GetAllPersonnels HTTP/1.1" 200 823
[27/Jan/2026 05:57:50] "POST /graphql/GetAllContractTypes HTTP/1.1" 200 929
[27/Jan/2026 05:57:55] "POST /graphql/GetAllSubjects HTTP/1.1" 200 395
[27/Jan/2026 05:57:55] "POST /graphql/GetAllLevels HTTP/1.1" 200 355
[27/Jan/2026 05:58:07] "OPTIONS /graphql/GetAllStudents HTTP/1.1" 200 0
[27/Jan/2026 05:58:07] "POST /graphql/GetAllStudents HTTP/1.1" 200 1071
[27/Jan/2026 05:58:22] "POST /graphql/GetAllRoles HTTP/1.1" 200 1167
[27/Jan/2026 05:59:20] "POST /graphql/GetAllUsers HTTP/1.1" 200 1837
[27/Jan/2026 05:59:25] "POST /graphql/GetAllTeachingAssignments HTTP/1.1" 200 136
[27/Jan/2026 05:59:27] "POST /graphql/GetAllPlannings HTTP/1.1" 200 100
[27/Jan/2026 05:59:32] "POST /graphql/GetAllTeachingAssignments HTTP/1.1" 200 136
[27/Jan/2026 05:59:34] "POST /graphql/GetAllRoles HTTP/1.1" 200 1167
/home/stechclarin/Documents/projet_init/apps/pedagogy/services/planning_service.py changed, reloading.
Performing system checks...

System check identified no issues (0 silenced).
January 26, 2026 - 16:44:11
Django version 5.2.7, using settings 'config.settings'
Starting development server at http://127.0.0.1:8000/
Quit the server with CONTROL-C.

WARNING: This is a development server. Do not use it in a production setting. Use a production WSGI or ASGI server instead.
For more information on production servers see: https://docs.djangoproject.com/en/5.2/howto/deployment/
[DEBUG] get_context_filtered_queryset - Model: Subject, Est ID: 1
[DEBUG] Filtered Subject by establishment_id=1. Count: 1
[DEBUG] get_context_filtered_queryset - Model: ClassRoom, Est ID: 1
[DEBUG] Filtered ClassRoom by establishment_id=1. Count: 1
[DEBUG] get_context_filtered_queryset - Model: AcademicYear, Est ID: 1
[DEBUG] get_context_filtered_queryset - Model: Subject, Est ID: 1
[DEBUG] get_context_filtered_queryset - Model: ClassRoom, Est ID: 1
[DEBUG] Filtered AcademicYear by establishment_id=1. Count: 1
[DEBUG] Filtered Subject by establishment_id=1. Count: 1
[DEBUG] Filtered ClassRoom by establishment_id=1. Count: 1
[DEBUG] get_context_filtered_queryset - Model: Subject, Est ID: 1
[DEBUG] Filtered Subject by establishment_id=1. Count: 1
[DEBUG] get_context_filtered_queryset - Model: ClassRoom, Est ID: 1
[DEBUG] Filtered ClassRoom by establishment_id=1. Count: 1
[DEBUG] get_context_filtered_queryset - Model: Subject, Est ID: 1
[DEBUG] Filtered Subject by establishment_id=1. Count: 1
[DEBUG] get_context_filtered_queryset - Model: ClassRoom, Est ID: 1
[DEBUG] Filtered ClassRoom by establishment_id=1. Count: 1
[DEBUG] get_context_filtered_queryset - Model: Subject, Est ID: 1
[DEBUG] Filtered Subject by establishment_id=1. Count: 1
[DEBUG] get_context_filtered_queryset - Model: ClassRoom, Est ID: 1
[DEBUG] Filtered ClassRoom by establishment_id=1. Count: 1
[DEBUG] get_context_filtered_queryset - Model: Subject, Est ID: 1
[DEBUG] Filtered Subject by establishment_id=1. Count: 1
[DEBUG] get_context_filtered_queryset - Model: ClassRoom, Est ID: 1
[DEBUG] Filtered ClassRoom by establishment_id=1. Count: 1
[DEBUG] get_context_filtered_queryset - Model: Subject, Est ID: 1
[DEBUG] Filtered Subject by establishment_id=1. Count: 1
[DEBUG] get_context_filtered_queryset - Model: ClassRoom, Est ID: 1
[DEBUG] Filtered ClassRoom by establishment_id=1. Count: 1
DEBUG: Injecting establishment_id 1 into data
[DEBUG] get_context_filtered_queryset - Model: Subject, Est ID: 1
[DEBUG] Filtered Subject by establishment_id=1. Count: 1
[DEBUG] get_context_filtered_queryset - Model: ClassRoom, Est ID: 1
[DEBUG] Filtered ClassRoom by establishment_id=1. Count: 1
[DEBUG] get_context_filtered_queryset - Model: Subject, Est ID: 1
[DEBUG] Filtered Subject by establishment_id=1. Count: 1
[DEBUG] get_context_filtered_queryset - Model: ClassRoom, Est ID: 1
[DEBUG] Filtered ClassRoom by establishment_id=1. Count: 1
[DEBUG] get_context_filtered_queryset - Model: Subject, Est ID: 1
[DEBUG] Filtered Subject by establishment_id=1. Count: 1
[DEBUG] get_context_filtered_queryset - Model: ClassRoom, Est ID: 1
[DEBUG] Filtered ClassRoom by establishment_id=1. Count: 1
[DEBUG] get_context_filtered_queryset - Model: Subject, Est ID: 1
[DEBUG] Filtered Subject by establishment_id=1. Count: 1
[DEBUG] get_context_filtered_queryset - Model: ClassRoom, Est ID: 1
[DEBUG] Filtered ClassRoom by establishment_id=1. Count: 1
[DEBUG] get_context_filtered_queryset - Model: Subject, Est ID: 1
[DEBUG] Filtered Subject by establishment_id=1. Count: 1
[DEBUG] get_context_filtered_queryset - Model: ClassRoom, Est ID: 1
[DEBUG] Filtered ClassRoom by establishment_id=1. Count: 1
[DEBUG] get_context_filtered_queryset - Model: Subject, Est ID: 1
[DEBUG] Filtered Subject by establishment_id=1. Count: 1
[DEBUG] get_context_filtered_queryset - Model: ClassRoom, Est ID: 1
[DEBUG] Filtered ClassRoom by establishment_id=1. Count: 1
[DEBUG] get_context_filtered_queryset - Model: Subject, Est ID: 1
[DEBUG] Filtered Subject by establishment_id=1. Count: 1
[DEBUG] get_context_filtered_queryset - Model: ClassRoom, Est ID: 1
[DEBUG] Filtered ClassRoom by establishment_id=1. Count: 1
[DEBUG] get_context_filtered_queryset - Model: Subject, Est ID: 1
[DEBUG] Filtered Subject by establishment_id=1. Count: 1
[DEBUG] get_context_filtered_queryset - Model: ClassRoom, Est ID: 1
[DEBUG] Filtered ClassRoom by establishment_id=1. Count: 1
[DEBUG] get_context_filtered_queryset - Model: Subject, Est ID: 1
[DEBUG] Filtered Subject by establishment_id=1. Count: 1
[DEBUG] get_context_filtered_queryset - Model: ClassRoom, Est ID: 1
[DEBUG] Filtered ClassRoom by establishment_id=1. Count: 1
[DEBUG] get_context_filtered_queryset - Model: AcademicYear, Est ID: 1
[DEBUG] get_context_filtered_queryset - Model: ClassRoom, Est ID: 1
[DEBUG] get_context_filtered_queryset - Model: Subject, Est ID: 1
[DEBUG] Filtered AcademicYear by establishment_id=1. Count: 1
[DEBUG] Filtered ClassRoom by establishment_id=1. Count: 1
[DEBUG] Filtered Subject by establishment_id=1. Count: 1
[DEBUG] get_context_filtered_queryset - Model: Subject, Est ID: 1
[DEBUG] Filtered Subject by establishment_id=1. Count: 1
[DEBUG] get_context_filtered_queryset - Model: ClassRoom, Est ID: 1
[DEBUG] Filtered ClassRoom by establishment_id=1. Count: 1
[DEBUG] get_context_filtered_queryset - Model: Subject, Est ID: 1
[DEBUG] Filtered Subject by establishment_id=1. Count: 1
[DEBUG] get_context_filtered_queryset - Model: ClassRoom, Est ID: 1
[DEBUG] Filtered ClassRoom by establishment_id=1. Count: 1
[DEBUG] get_context_filtered_queryset - Model: AcademicYear, Est ID: 1
[DEBUG] get_context_filtered_queryset - Model: ClassRoom, Est ID: 1
[DEBUG] Filtered AcademicYear by establishment_id=1. Count: 1
[DEBUG] get_context_filtered_queryset - Model: Subject, Est ID: 1
[DEBUG] Filtered ClassRoom by establishment_id=1. Count: 1
[DEBUG] Filtered Subject by establishment_id=1. Count: 1
[DEBUG] get_context_filtered_queryset - Model: Subject, Est ID: 1
[DEBUG] Filtered Subject by establishment_id=1. Count: 1
[DEBUG] get_context_filtered_queryset - Model: Level, Est ID: 1
[DEBUG] Filtered Level by establishment_id=1. Count: 1
[DEBUG] get_context_filtered_queryset - Model: Subject, Est ID: 1
[DEBUG] get_context_filtered_queryset - Model: Level, Est ID: 1
[DEBUG] Filtered Subject by establishment_id=1. Count: 1
[DEBUG] Filtered Level by establishment_id=1. Count: 1
Watching for file changes with StatReloader
/home/stechclarin/Documents/projet_init/venv/lib/python3.12/site-packages/graphene_django/types.py:104: UserWarning: Excluding the custom field "start_date" on DjangoObjectType "AcademicYearType" has no effect. Either remove the custom field or remove the field from the "exclude" list.
  warnings.warn(
/home/stechclarin/Documents/projet_init/venv/lib/python3.12/site-packages/graphene_django/types.py:104: UserWarning: Excluding the custom field "end_date" on DjangoObjectType "AcademicYearType" has no effect. Either remove the custom field or remove the field from the "exclude" list.
  warnings.warn(
[27/Jan/2026 06:11:36] "POST /graphql/ HTTP/1.1" 200 115422
[27/Jan/2026 06:12:36] "POST /graphql/ HTTP/1.1" 200 115422
[27/Jan/2026 06:12:39] "POST /graphql/modules HTTP/1.1" 200 1139
/home/stechclarin/Documents/projet_init/apps/core/utils/pagination.py:7: UnorderedObjectListWarning: Pagination may yield inconsistent results with an unordered object_list: <class 'apps.profilmanagement.models.role.Role'> QuerySet.
  paginator = Paginator(queryset, page_size)
[27/Jan/2026 06:12:39] "POST /graphql/GetAllPermissions HTTP/1.1" 200 8436
[27/Jan/2026 06:12:39] "POST /graphql/GetAllRoles HTTP/1.1" 200 1167
[27/Jan/2026 06:12:39] "POST /graphql HTTP/1.1" 200 1711
[27/Jan/2026 06:12:39] "POST /graphql/GetAllEstablishments HTTP/1.1" 200 642
[27/Jan/2026 06:13:01] "POST /graphql/modules HTTP/1.1" 200 1139
[27/Jan/2026 06:13:01] "POST /graphql/GetAllPermissions HTTP/1.1" 200 8436
[27/Jan/2026 06:13:01] "POST /graphql/GetAllRoles HTTP/1.1" 200 1167
[27/Jan/2026 06:13:01] "POST /graphql HTTP/1.1" 200 1711
[27/Jan/2026 06:13:01] "POST /graphql/GetAllEstablishments HTTP/1.1" 200 642
[27/Jan/2026 06:13:03] "POST /graphql/modules HTTP/1.1" 200 1139
[27/Jan/2026 06:13:03] "POST /graphql/GetAllPermissions HTTP/1.1" 200 8436
[27/Jan/2026 06:13:03] "POST /graphql/GetAllRoles HTTP/1.1" 200 1167
[27/Jan/2026 06:13:03] "POST /graphql HTTP/1.1" 200 1711
[27/Jan/2026 06:13:03] "POST /graphql/GetAllEstablishments HTTP/1.1" 200 642
/home/stechclarin/Documents/projet_init/apps/pedagogy/services/planning_service.py changed, reloading.
Performing system checks...

System check identified no issues (0 silenced).
January 27, 2026 - 06:10:21
Django version 5.2.7, using settings 'config.settings'
Starting development server at http://127.0.0.1:8000/
Quit the server with CONTROL-C.

WARNING: This is a development server. Do not use it in a production setting. Use a production WSGI or ASGI server instead.
For more information on production servers see: https://docs.djangoproject.com/en/5.2/howto/deployment/
Watching for file changes with StatReloader
Exception in thread django-main-thread:
Traceback (most recent call last):
  File "/usr/lib/python3.12/threading.py", line 1073, in _bootstrap_inner
    self.run()
  File "/usr/lib/python3.12/threading.py", line 1010, in run
    self._target(*self._args, **self._kwargs)
  File "/home/stechclarin/Documents/projet_init/venv/lib/python3.12/site-packages/django/utils/autoreload.py", line 64, in wrapper
    fn(*args, **kwargs)
  File "/home/stechclarin/Documents/projet_init/venv/lib/python3.12/site-packages/django/core/management/commands/runserver.py", line 134, in inner_run
    self.check(**check_kwargs)
  File "/home/stechclarin/Documents/projet_init/venv/lib/python3.12/site-packages/django/core/management/base.py", line 492, in check
    all_issues = checks.run_checks(
                 ^^^^^^^^^^^^^^^^^^
  File "/home/stechclarin/Documents/projet_init/venv/lib/python3.12/site-packages/django/core/checks/registry.py", line 89, in run_checks
    new_errors = check(app_configs=app_configs, databases=databases)
                 ^^^^^^^^^^^^^^^^^^^^^^^^^^^^^^^^^^^^^^^^^^^^^^^^^^^
  File "/home/stechclarin/Documents/projet_init/apps/core/checks.py", line 36, in check_controllers
    module = importlib.import_module(controller_module_path)
             ^^^^^^^^^^^^^^^^^^^^^^^^^^^^^^^^^^^^^^^^^^^^^^^
  File "/usr/lib/python3.12/importlib/__init__.py", line 90, in import_module
    return _bootstrap._gcd_import(name[level:], package, level)
           ^^^^^^^^^^^^^^^^^^^^^^^^^^^^^^^^^^^^^^^^^^^^^^^^^^^^
  File "<frozen importlib._bootstrap>", line 1387, in _gcd_import
  File "<frozen importlib._bootstrap>", line 1360, in _find_and_load
  File "<frozen importlib._bootstrap>", line 1310, in _find_and_load_unlocked
  File "<frozen importlib._bootstrap>", line 488, in _call_with_frames_removed
  File "<frozen importlib._bootstrap>", line 1387, in _gcd_import
  File "<frozen importlib._bootstrap>", line 1360, in _find_and_load
  File "<frozen importlib._bootstrap>", line 1331, in _find_and_load_unlocked
  File "<frozen importlib._bootstrap>", line 935, in _load_unlocked
  File "<frozen importlib._bootstrap_external>", line 995, in exec_module
  File "<frozen importlib._bootstrap>", line 488, in _call_with_frames_removed
  File "/home/stechclarin/Documents/projet_init/apps/pedagogy/api/controllers/__init__.py", line 1, in <module>
    from .teaching_assignment_controller import TeachingAssignmentController
  File "/home/stechclarin/Documents/projet_init/apps/pedagogy/api/controllers/teaching_assignment_controller.py", line 3, in <module>
    from ...services.teaching_assignment_service import TeachingAssignmentService
  File "/home/stechclarin/Documents/projet_init/apps/pedagogy/services/__init__.py", line 2, in <module>
    from .planning_service import PlanningService
  File "/home/stechclarin/Documents/projet_init/apps/pedagogy/services/planning_service.py", line 5, in <module>
    class PlanningService(BaseService):
                          ^^^^^^^^^^^
NameError: name 'BaseService' is not defined
/home/stechclarin/Documents/projet_init/apps/pedagogy/services/planning_service.py changed, reloading.
Performing system checks...

Watching for file changes with StatReloader
/home/stechclarin/Documents/projet_init/venv/lib/python3.12/site-packages/graphene_django/types.py:104: UserWarning: Excluding the custom field "start_date" on DjangoObjectType "AcademicYearType" has no effect. Either remove the custom field or remove the field from the "exclude" list.
  warnings.warn(
/home/stechclarin/Documents/projet_init/venv/lib/python3.12/site-packages/graphene_django/types.py:104: UserWarning: Excluding the custom field "end_date" on DjangoObjectType "AcademicYearType" has no effect. Either remove the custom field or remove the field from the "exclude" list.
  warnings.warn(
[27/Jan/2026 06:24:37] "POST /graphql/modules HTTP/1.1" 200 1139
/home/stechclarin/Documents/projet_init/apps/core/utils/pagination.py:7: UnorderedObjectListWarning: Pagination may yield inconsistent results with an unordered object_list: <class 'apps.profilmanagement.models.role.Role'> QuerySet.
  paginator = Paginator(queryset, page_size)
[27/Jan/2026 06:24:37] "POST /graphql/GetAllPermissions HTTP/1.1" 200 8436
[27/Jan/2026 06:24:37] "POST /graphql/GetAllRoles HTTP/1.1" 200 1167
[27/Jan/2026 06:24:37] "POST /graphql HTTP/1.1" 200 1711
[27/Jan/2026 06:24:37] "POST /graphql/GetAllEstablishments HTTP/1.1" 200 642
[27/Jan/2026 06:25:33] "POST /graphql/modules HTTP/1.1" 200 1139
[27/Jan/2026 06:25:34] "POST /graphql/GetAllPermissions HTTP/1.1" 200 8436
[27/Jan/2026 06:25:34] "POST /graphql/GetAllRoles HTTP/1.1" 200 1167
[27/Jan/2026 06:25:34] "POST /graphql HTTP/1.1" 200 1711
[27/Jan/2026 06:25:34] "POST /graphql/GetAllEstablishments HTTP/1.1" 200 642
[27/Jan/2026 06:26:13] "POST /graphql/modules HTTP/1.1" 200 1139
[27/Jan/2026 06:26:13] "POST /graphql/GetAllPermissions HTTP/1.1" 200 8436
[27/Jan/2026 06:26:13] "POST /graphql/GetAllRoles HTTP/1.1" 200 1167
[27/Jan/2026 06:26:13] "POST /graphql HTTP/1.1" 200 1711
[27/Jan/2026 06:26:13] "POST /graphql/GetAllEstablishments HTTP/1.1" 200 642
[27/Jan/2026 06:26:25] "POST /graphql/GetAllRoles HTTP/1.1" 200 1167
[27/Jan/2026 06:26:25] "POST /graphql/GetAllUsers HTTP/1.1" 200 1837
[27/Jan/2026 06:26:25] "POST /graphql/GetAllRoles HTTP/1.1" 200 1167
[27/Jan/2026 06:26:32] "POST /graphql/GetAllTeachingAssignments HTTP/1.1" 200 136
[27/Jan/2026 06:26:32] "POST /graphql/GetAllAcademicYears HTTP/1.1" 200 270
[27/Jan/2026 06:26:32] "POST /graphql/GetAllSubjects HTTP/1.1" 200 395
[27/Jan/2026 06:26:32] "POST /graphql/GetAllTeachers HTTP/1.1" 200 114
[27/Jan/2026 06:26:32] "POST /graphql/GetAllClassRooms HTTP/1.1" 200 531
[27/Jan/2026 06:26:35] "POST /graphql/GetAllRoles HTTP/1.1" 200 1167
[27/Jan/2026 06:26:37] "POST /graphql/GetAllPlannings HTTP/1.1" 200 100
[27/Jan/2026 06:26:37] "POST /graphql/GetPlanningDependencies HTTP/1.1" 200 359
[27/Jan/2026 06:47:18] "POST /graphql/GetAllEstablishments HTTP/1.1" 200 642
[27/Jan/2026 06:47:21] "POST /graphql/GetAllAcademicYears HTTP/1.1" 200 270
[27/Jan/2026 06:47:24] "OPTIONS /graphql/GetAllCycles HTTP/1.1" 200 0
[27/Jan/2026 06:47:24] "POST /graphql/GetAllLevels HTTP/1.1" 200 355
[27/Jan/2026 06:47:24] "POST /graphql/GetAllCycles HTTP/1.1" 200 264
[27/Jan/2026 06:47:24] "POST /graphql/GetAllCycles HTTP/1.1" 200 264
[27/Jan/2026 06:47:26] "POST /graphql/GetAllLevels HTTP/1.1" 200 355
[27/Jan/2026 06:47:26] "POST /graphql/GetAllClassRooms HTTP/1.1" 200 531
[27/Jan/2026 06:48:49] "POST /graphql/modules HTTP/1.1" 200 1139
[27/Jan/2026 06:48:49] "POST /graphql/GetAllLevels HTTP/1.1" 200 355
[27/Jan/2026 06:48:50] "POST /graphql/GetAllClassRooms HTTP/1.1" 200 531
[27/Jan/2026 06:48:50] "POST /graphql HTTP/1.1" 200 1711
[27/Jan/2026 06:48:50] "POST /graphql/GetAllEstablishments HTTP/1.1" 200 642
[27/Jan/2026 07:08:03] "POST /graphql/modules HTTP/1.1" 200 1139
[27/Jan/2026 07:08:03] "POST /graphql/GetAllLevels HTTP/1.1" 200 355
[27/Jan/2026 07:08:04] "POST /graphql/GetAllClassRooms HTTP/1.1" 200 531
[27/Jan/2026 07:08:04] "POST /graphql/GetAllEstablishments HTTP/1.1" 200 642
[27/Jan/2026 07:08:04] "POST /graphql HTTP/1.1" 200 1711
[27/Jan/2026 07:09:12] "POST /graphql/modules HTTP/1.1" 200 1139
[27/Jan/2026 07:09:12] "POST /graphql/GetAllLevels HTTP/1.1" 200 355
[27/Jan/2026 07:09:12] "POST /graphql HTTP/1.1" 200 1711
[27/Jan/2026 07:09:12] "POST /graphql/GetAllClassRooms HTTP/1.1" 200 531
[27/Jan/2026 07:09:12] "POST /graphql/GetAllEstablishments HTTP/1.1" 200 642
[27/Jan/2026 07:10:43] "POST /graphql/modules HTTP/1.1" 200 1139
[27/Jan/2026 07:10:44] "POST /graphql/GetAllLevels HTTP/1.1" 200 355
[27/Jan/2026 07:10:44] "POST /graphql/GetAllClassRooms HTTP/1.1" 200 531
[27/Jan/2026 07:10:44] "POST /graphql/GetAllEstablishments HTTP/1.1" 200 642
[27/Jan/2026 07:10:44] "POST /graphql HTTP/1.1" 200 1711
[27/Jan/2026 07:12:53] "POST /graphql/modules HTTP/1.1" 200 1139
[27/Jan/2026 07:12:54] "POST /graphql/GetAllLevels HTTP/1.1" 200 355
[27/Jan/2026 07:12:54] "POST /graphql/GetAllClassRooms HTTP/1.1" 200 531
[27/Jan/2026 07:12:54] "POST /graphql HTTP/1.1" 200 1711
[27/Jan/2026 07:12:54] "POST /graphql/GetAllEstablishments HTTP/1.1" 200 642
[27/Jan/2026 07:12:58] "POST /graphql/GetAllContractTypes HTTP/1.1" 200 929
[27/Jan/2026 07:12:58] "POST /graphql/GetAllPersonnels HTTP/1.1" 200 823
[27/Jan/2026 07:12:58] "POST /graphql/GetAllRoles HTTP/1.1" 200 1167
[27/Jan/2026 07:13:06] "POST /graphql/GetAllEstablishments HTTP/1.1" 200 642
[27/Jan/2026 07:13:13] "POST /graphql/GetAllContractTypes HTTP/1.1" 200 929
[27/Jan/2026 07:15:41] "POST /graphql/modules HTTP/1.1" 200 1139
[27/Jan/2026 07:15:42] "POST /graphql/GetAllContractTypes HTTP/1.1" 200 929
[27/Jan/2026 07:15:42] "POST /graphql HTTP/1.1" 200 1711
[27/Jan/2026 07:15:42] "POST /graphql/GetAllEstablishments HTTP/1.1" 200 642
[27/Jan/2026 07:16:48] "POST /graphql/modules HTTP/1.1" 200 1139
[27/Jan/2026 07:16:49] "POST /graphql/GetAllContractTypes HTTP/1.1" 200 929
[27/Jan/2026 07:16:49] "POST /graphql HTTP/1.1" 200 1711
[27/Jan/2026 07:16:49] "POST /graphql/GetAllEstablishments HTTP/1.1" 200 642
[27/Jan/2026 07:18:37] "POST /graphql/modules HTTP/1.1" 200 1139
[27/Jan/2026 07:18:38] "POST /graphql/GetAllContractTypes HTTP/1.1" 200 929
[27/Jan/2026 07:18:38] "POST /graphql HTTP/1.1" 200 1711
[27/Jan/2026 07:18:38] "POST /graphql/GetAllEstablishments HTTP/1.1" 200 642
[27/Jan/2026 07:18:41] "POST /graphql/modules HTTP/1.1" 200 1139
[27/Jan/2026 07:18:41] "POST /graphql/GetAllContractTypes HTTP/1.1" 200 929
[27/Jan/2026 07:18:41] "POST /graphql HTTP/1.1" 200 1711
[27/Jan/2026 07:18:41] "POST /graphql/GetAllEstablishments HTTP/1.1" 200 642
[27/Jan/2026 07:44:43] "POST /graphql/GetAllRoles HTTP/1.1" 200 1167
[27/Jan/2026 07:44:43] "POST /graphql/GetAllPersonnels HTTP/1.1" 200 823
[27/Jan/2026 07:44:51] "POST /graphql/GetAllEstablishments HTTP/1.1" 200 642
[27/Jan/2026 07:45:02] "POST /graphql/GetAllContractTypes HTTP/1.1" 200 929
[27/Jan/2026 07:45:07] "POST /graphql/GetAllAcademicYears HTTP/1.1" 200 270
[27/Jan/2026 07:45:07] "POST /graphql/GetAllStudents HTTP/1.1" 200 1071
[27/Jan/2026 07:45:07] "POST /graphql/GetAllClassRooms HTTP/1.1" 200 531
[27/Jan/2026 07:56:22] "POST /graphql/modules HTTP/1.1" 200 1139
[27/Jan/2026 07:56:23] "POST /graphql/GetAllClassRooms HTTP/1.1" 200 531
[27/Jan/2026 07:56:23] "POST /graphql/GetAllAcademicYears HTTP/1.1" 200 270
[27/Jan/2026 07:56:23] "POST /graphql HTTP/1.1" 200 1711
[27/Jan/2026 07:56:23] "POST /graphql/GetAllStudents HTTP/1.1" 200 1071
[27/Jan/2026 07:56:23] "POST /graphql/GetAllEstablishments HTTP/1.1" 200 642
[27/Jan/2026 08:11:00] "POST /graphql/GetAllContractTypes HTTP/1.1" 200 929
[27/Jan/2026 08:11:00] "POST /graphql/GetAllRoles HTTP/1.1" 200 1167
[27/Jan/2026 08:11:00] "POST /graphql/GetAllPersonnels HTTP/1.1" 200 823
[27/Jan/2026 08:11:02] "POST /graphql/GetAllContractTypes HTTP/1.1" 200 929
[27/Jan/2026 08:11:23] "POST /graphql/GetAllRoles HTTP/1.1" 200 1167
[27/Jan/2026 08:11:23] "POST /graphql/GetAllUsers HTTP/1.1" 200 1837
[27/Jan/2026 08:12:30] "POST /graphql/GetAllRoles HTTP/1.1" 200 1167
[27/Jan/2026 08:12:30] "POST /graphql/GetAllPermissions HTTP/1.1" 200 8436
[27/Jan/2026 08:13:19] "POST /graphql/GetAllUsers HTTP/1.1" 200 1837
[27/Jan/2026 08:13:21] "POST /graphql/GetAllRoles HTTP/1.1" 200 1167
[27/Jan/2026 08:16:15] "POST /graphql/GetAllUsers HTTP/1.1" 200 1837
[27/Jan/2026 08:16:23] "POST /graphql/GetAllRoles HTTP/1.1" 200 1167
[27/Jan/2026 08:16:41] "POST /graphql/GetAllEstablishments HTTP/1.1" 200 642
[27/Jan/2026 08:16:42] "POST /graphql/GetAllAcademicYears HTTP/1.1" 200 270
[27/Jan/2026 08:16:44] "POST /graphql/GetAllCycles HTTP/1.1" 200 264
[27/Jan/2026 08:16:44] "POST /graphql/GetAllLevels HTTP/1.1" 200 355
[27/Jan/2026 08:16:44] "POST /graphql/GetAllCycles HTTP/1.1" 200 264
[27/Jan/2026 08:16:45] "POST /graphql/GetAllLevels HTTP/1.1" 200 355
[27/Jan/2026 08:16:45] "POST /graphql/GetAllClassRooms HTTP/1.1" 200 531
[27/Jan/2026 08:16:47] "POST /graphql/GetAllSubjects HTTP/1.1" 200 395
[27/Jan/2026 08:16:47] "POST /graphql/GetAllLevels HTTP/1.1" 200 355
[27/Jan/2026 08:16:49] "POST /graphql/GetAllStudents HTTP/1.1" 200 1071
[27/Jan/2026 08:16:52] "POST /graphql/GetAllPersonnels HTTP/1.1" 200 823
[27/Jan/2026 08:16:54] "POST /graphql/GetAllContractTypes HTTP/1.1" 200 929
[27/Jan/2026 08:16:59] "POST /graphql/GetAllUsers HTTP/1.1" 200 1837
[27/Jan/2026 08:17:01] "POST /graphql/GetAllRoles HTTP/1.1" 200 1167
[27/Jan/2026 08:17:05] "POST /graphql/GetAllPersonnels HTTP/1.1" 200 823
[27/Jan/2026 08:17:06] "POST /graphql/GetAllStudents HTTP/1.1" 200 1071
[27/Jan/2026 08:17:16] "POST /graphql/GetAllPersonnels HTTP/1.1" 200 823
[27/Jan/2026 08:17:22] "POST /graphql/GetAllContractTypes HTTP/1.1" 200 929
[27/Jan/2026 08:19:07] "POST /graphql/GetAllUsers HTTP/1.1" 200 1837
[27/Jan/2026 08:20:04] "POST /graphql/GetAllTeachingAssignments HTTP/1.1" 200 136
[27/Jan/2026 08:20:04] "POST /graphql/GetAllTeachers HTTP/1.1" 200 114
[27/Jan/2026 08:20:04] "POST /graphql/GetAllSubjects HTTP/1.1" 200 395
[27/Jan/2026 08:20:06] "POST /graphql/GetAllRoles HTTP/1.1" 200 1167
[27/Jan/2026 08:20:08] "POST /graphql/GetAllUsers HTTP/1.1" 200 1837
[27/Jan/2026 08:20:10] "POST /graphql/GetAllRoles HTTP/1.1" 200 1167
